CTS/CallFriend/CallFriend-Tamil-LDC96S59/DEVTEST/TA_5875.ra1.mfcc.sdc 15672 
CTS/CallFriend/CallFriend-Tamil-LDC96S59/DEVTEST/TA_5875.ra2.mfcc.sdc 45689 
CTS/CallFriend/CallFriend-Tamil-LDC96S59/DEVTEST/TA_5883.ra1.mfcc.sdc 56282 
CTS/CallFriend/CallFriend-Tamil-LDC96S59/DEVTEST/TA_5883.ra2.mfcc.sdc 50133 
CTS/CallFriend/CallFriend-Tamil-LDC96S59/DEVTEST/TA_5902.ra1.mfcc.sdc 17844 
CTS/CallFriend/CallFriend-Tamil-LDC96S59/DEVTEST/TA_5902.ra2.mfcc.sdc 86138 
CTS/CallFriend/CallFriend-Tamil-LDC96S59/DEVTEST/TA_5918.ra1.mfcc.sdc 20534 
CTS/CallFriend/CallFriend-Tamil-LDC96S59/DEVTEST/TA_5918.ra2.mfcc.sdc 80057 
CTS/CallFriend/CallFriend-Tamil-LDC96S59/DEVTEST/TA_5925.ra1.mfcc.sdc 6691 
CTS/CallFriend/CallFriend-Tamil-LDC96S59/DEVTEST/TA_5925.ra2.mfcc.sdc 8153 
CTS/CallFriend/CallFriend-Tamil-LDC96S59/DEVTEST/TA_5932.ra1.mfcc.sdc 38698 
CTS/CallFriend/CallFriend-Tamil-LDC96S59/DEVTEST/TA_5932.ra2.mfcc.sdc 40973 
CTS/CallFriend/CallFriend-Tamil-LDC96S59/DEVTEST/TA_5970.ra1.mfcc.sdc 16600 
CTS/CallFriend/CallFriend-Tamil-LDC96S59/DEVTEST/TA_5970.ra2.mfcc.sdc 43196 
CTS/CallFriend/CallFriend-Tamil-LDC96S59/DEVTEST/TA_5991.ra1.mfcc.sdc 23871 
CTS/CallFriend/CallFriend-Tamil-LDC96S59/DEVTEST/TA_5991.ra2.mfcc.sdc 27119 
CTS/CallFriend/CallFriend-Tamil-LDC96S59/DEVTEST/TA_6049.ra1.mfcc.sdc 46684 
CTS/CallFriend/CallFriend-Tamil-LDC96S59/DEVTEST/TA_6049.ra2.mfcc.sdc 68858 
CTS/CallFriend/CallFriend-Tamil-LDC96S59/DEVTEST/TA_6051.ra1.mfcc.sdc 45456 
CTS/CallFriend/CallFriend-Tamil-LDC96S59/DEVTEST/TA_6051.ra2.mfcc.sdc 50685 
CTS/CallFriend/CallFriend-Tamil-LDC96S59/DEVTEST/TA_6211.ra1.mfcc.sdc 64295 
CTS/CallFriend/CallFriend-Tamil-LDC96S59/DEVTEST/TA_6211.ra2.mfcc.sdc 23359 
CTS/CallFriend/CallFriend-Tamil-LDC96S59/DEVTEST/TA_6227.ra1.mfcc.sdc 38704 
CTS/CallFriend/CallFriend-Tamil-LDC96S59/DEVTEST/TA_6227.ra2.mfcc.sdc 69200 
CTS/CallFriend/CallFriend-Tamil-LDC96S59/DEVTEST/TA_6329.ra1.mfcc.sdc 25971 
CTS/CallFriend/CallFriend-Tamil-LDC96S59/DEVTEST/TA_6329.ra2.mfcc.sdc 39786 
CTS/CallFriend/CallFriend-Tamil-LDC96S59/DEVTEST/TA_6336.ra1.mfcc.sdc 43037 
CTS/CallFriend/CallFriend-Tamil-LDC96S59/DEVTEST/TA_6336.ra2.mfcc.sdc 27826 
CTS/CallFriend/CallFriend-Tamil-LDC96S59/DEVTEST/TA_6338.ra1.mfcc.sdc 28465 
CTS/CallFriend/CallFriend-Tamil-LDC96S59/DEVTEST/TA_6338.ra2.mfcc.sdc 25119 
CTS/CallFriend/CallFriend-Tamil-LDC96S59/DEVTEST/TA_6343.ra1.mfcc.sdc 12001 
CTS/CallFriend/CallFriend-Tamil-LDC96S59/DEVTEST/TA_6343.ra2.mfcc.sdc 10604 
CTS/CallFriend/CallFriend-Tamil-LDC96S59/DEVTEST/TA_6366.ra1.mfcc.sdc 51051 
CTS/CallFriend/CallFriend-Tamil-LDC96S59/DEVTEST/TA_6366.ra2.mfcc.sdc 58715 
CTS/CallFriend/CallFriend-Tamil-LDC96S59/DEVTEST/TA_6371.ra1.mfcc.sdc 46994 
CTS/CallFriend/CallFriend-Tamil-LDC96S59/DEVTEST/TA_6371.ra2.mfcc.sdc 60318 
CTS/CallFriend/CallFriend-Tamil-LDC96S59/DEVTEST/TA_6403.ra1.mfcc.sdc 23608 
CTS/CallFriend/CallFriend-Tamil-LDC96S59/DEVTEST/TA_6403.ra2.mfcc.sdc 40236 
CTS/CallFriend/CallFriend-Tamil-LDC96S59/DEVTEST/TA_6405.ra1.mfcc.sdc 42286 
CTS/CallFriend/CallFriend-Tamil-LDC96S59/DEVTEST/TA_6405.ra2.mfcc.sdc 62891 
CTS/CallFriend/CallFriend-Tamil-LDC96S59/TRAIN/TA_0622.ra1.mfcc.sdc 10294 
CTS/CallFriend/CallFriend-Tamil-LDC96S59/TRAIN/TA_0622.ra2.mfcc.sdc 34694 
CTS/CallFriend/CallFriend-Tamil-LDC96S59/TRAIN/TA_0907.ra1.mfcc.sdc 36985 
CTS/CallFriend/CallFriend-Tamil-LDC96S59/TRAIN/TA_0907.ra2.mfcc.sdc 13863 
CTS/CallFriend/CallFriend-Tamil-LDC96S59/TRAIN/TA_0911.ra1.mfcc.sdc 21352 
CTS/CallFriend/CallFriend-Tamil-LDC96S59/TRAIN/TA_0911.ra2.mfcc.sdc 32908 
CTS/CallFriend/CallFriend-Tamil-LDC96S59/TRAIN/TA_0927.ra1.mfcc.sdc 16819 
CTS/CallFriend/CallFriend-Tamil-LDC96S59/TRAIN/TA_0927.ra2.mfcc.sdc 20819 
CTS/CallFriend/CallFriend-Tamil-LDC96S59/TRAIN/TA_0947.ra1.mfcc.sdc 19647 
CTS/CallFriend/CallFriend-Tamil-LDC96S59/TRAIN/TA_0947.ra2.mfcc.sdc 25154 
CTS/CallFriend/CallFriend-Tamil-LDC96S59/TRAIN/TA_1000.ra1.mfcc.sdc 36047 
CTS/CallFriend/CallFriend-Tamil-LDC96S59/TRAIN/TA_1000.ra2.mfcc.sdc 19122 
CTS/CallFriend/CallFriend-Tamil-LDC96S59/TRAIN/TA_1147.ra1.mfcc.sdc 20038 
CTS/CallFriend/CallFriend-Tamil-LDC96S59/TRAIN/TA_1147.ra2.mfcc.sdc 30336 
CTS/CallFriend/CallFriend-Tamil-LDC96S59/TRAIN/TA_1176.ra1.mfcc.sdc 25743 
CTS/CallFriend/CallFriend-Tamil-LDC96S59/TRAIN/TA_1176.ra2.mfcc.sdc 29112 
CTS/CallFriend/CallFriend-Tamil-LDC96S59/TRAIN/TA_1241.ra1.mfcc.sdc 28597 
CTS/CallFriend/CallFriend-Tamil-LDC96S59/TRAIN/TA_1241.ra2.mfcc.sdc 23688 
CTS/CallFriend/CallFriend-Tamil-LDC96S59/TRAIN/TA_1344.ra1.mfcc.sdc 17684 
CTS/CallFriend/CallFriend-Tamil-LDC96S59/TRAIN/TA_1344.ra2.mfcc.sdc 27844 
CTS/CallFriend/CallFriend-Tamil-LDC96S59/TRAIN/TA_1595.ra1.mfcc.sdc 12550 
CTS/CallFriend/CallFriend-Tamil-LDC96S59/TRAIN/TA_1595.ra2.mfcc.sdc 15337 
CTS/CallFriend/CallFriend-Tamil-LDC96S59/TRAIN/TA_1616.ra1.mfcc.sdc 25847 
CTS/CallFriend/CallFriend-Tamil-LDC96S59/TRAIN/TA_1616.ra2.mfcc.sdc 40815 
CTS/CallFriend/CallFriend-Tamil-LDC96S59/TRAIN/TA_2011.ra1.mfcc.sdc 36852 
CTS/CallFriend/CallFriend-Tamil-LDC96S59/TRAIN/TA_2011.ra2.mfcc.sdc 73062 
CTS/CallFriend/CallFriend-Tamil-LDC96S59/TRAIN/TA_2143.ra1.mfcc.sdc 34893 
CTS/CallFriend/CallFriend-Tamil-LDC96S59/TRAIN/TA_2143.ra2.mfcc.sdc 29157 
CTS/CallFriend/CallFriend-Tamil-LDC96S59/TRAIN/TA_2192.ra1.mfcc.sdc 57724 
CTS/CallFriend/CallFriend-Tamil-LDC96S59/TRAIN/TA_2192.ra2.mfcc.sdc 65644 
CTS/CallFriend/CallFriend-Tamil-LDC96S59/TRAIN/TA_4202.ra1.mfcc.sdc 45780 
CTS/CallFriend/CallFriend-Tamil-LDC96S59/TRAIN/TA_4202.ra2.mfcc.sdc 41418 
CTS/CallFriend/CallFriend-Tamil-LDC96S59/TRAIN/TA_4253.ra1.mfcc.sdc 61183 
CTS/CallFriend/CallFriend-Tamil-LDC96S59/TRAIN/TA_4253.ra2.mfcc.sdc 29505 
CTS/CallFriend/CallFriend-Tamil-LDC96S59/TRAIN/TA_4348.ra1.mfcc.sdc 22669 
CTS/CallFriend/CallFriend-Tamil-LDC96S59/TRAIN/TA_4348.ra2.mfcc.sdc 92479 
CTS/CallFriend/CallFriend-Tamil-LDC96S59/TRAIN/TA_4413.ra1.mfcc.sdc 79521 
CTS/CallFriend/CallFriend-Tamil-LDC96S59/TRAIN/TA_4413.ra2.mfcc.sdc 30964 
CTS/CallFriend/CallFriend-Tamil-LDC96S59/TRAIN/TA_5086.ra1.mfcc.sdc 14392 
CTS/CallFriend/CallFriend-Tamil-LDC96S59/TRAIN/TA_5086.ra2.mfcc.sdc 17610 
CTS/OGI22/tamil/TA-100.route.mfcc.sdc 506 
CTS/OGI22/tamil/TA-100.story.mfcc.sdc 2223 
CTS/OGI22/tamil/TA-101.address.mfcc.sdc 706 
CTS/OGI22/tamil/TA-101.story.mfcc.sdc 2422 
CTS/OGI22/tamil/TA-102.address.mfcc.sdc 581 
CTS/OGI22/tamil/TA-102.route.mfcc.sdc 505 
CTS/OGI22/tamil/TA-102.story.mfcc.sdc 2594 
CTS/OGI22/tamil/TA-103.address.mfcc.sdc 1481 
CTS/OGI22/tamil/TA-103.climate.mfcc.sdc 467 
CTS/OGI22/tamil/TA-103.hometown.mfcc.sdc 497 
CTS/OGI22/tamil/TA-103.meal.mfcc.sdc 500 
CTS/OGI22/tamil/TA-103.route.mfcc.sdc 506 
CTS/OGI22/tamil/TA-103.story.mfcc.sdc 2606 
CTS/OGI22/tamil/TA-104.address.mfcc.sdc 968 
CTS/OGI22/tamil/TA-104.story.mfcc.sdc 1797 
CTS/OGI22/tamil/TA-105.address.mfcc.sdc 470 
CTS/OGI22/tamil/TA-105.route.mfcc.sdc 415 
CTS/OGI22/tamil/TA-105.story.mfcc.sdc 2022 
CTS/OGI22/tamil/TA-107.address.mfcc.sdc 1980 
CTS/OGI22/tamil/TA-107.climate.mfcc.sdc 501 
CTS/OGI22/tamil/TA-107.room.mfcc.sdc 495 
CTS/OGI22/tamil/TA-107.story.mfcc.sdc 2469 
CTS/OGI22/tamil/TA-11.address.mfcc.sdc 417 
CTS/OGI22/tamil/TA-11.climate.mfcc.sdc 411 
CTS/OGI22/tamil/TA-11.hometown.mfcc.sdc 503 
CTS/OGI22/tamil/TA-11.story.mfcc.sdc 2647 
CTS/OGI22/tamil/TA-114.address.mfcc.sdc 507 
CTS/OGI22/tamil/TA-114.story.mfcc.sdc 2273 
CTS/OGI22/tamil/TA-115.address.mfcc.sdc 518 
CTS/OGI22/tamil/TA-115.climate.mfcc.sdc 458 
CTS/OGI22/tamil/TA-115.route.mfcc.sdc 482 
CTS/OGI22/tamil/TA-115.story.mfcc.sdc 2382 
CTS/OGI22/tamil/TA-116.address.mfcc.sdc 434 
CTS/OGI22/tamil/TA-116.story.mfcc.sdc 1842 
CTS/OGI22/tamil/TA-117.story.mfcc.sdc 990 
CTS/OGI22/tamil/TA-121.meal.mfcc.sdc 501 
CTS/OGI22/tamil/TA-121.story.mfcc.sdc 2273 
CTS/OGI22/tamil/TA-142.address.mfcc.sdc 1020 
CTS/OGI22/tamil/TA-142.room.mfcc.sdc 451 
CTS/OGI22/tamil/TA-142.route.mfcc.sdc 475 
CTS/OGI22/tamil/TA-142.story.mfcc.sdc 1914 
CTS/OGI22/tamil/TA-143.story.mfcc.sdc 2305 
CTS/OGI22/tamil/TA-146.story.mfcc.sdc 1884 
CTS/OGI22/tamil/TA-15.address.mfcc.sdc 1044 
CTS/OGI22/tamil/TA-15.story.mfcc.sdc 2117 
CTS/OGI22/tamil/TA-159.address.mfcc.sdc 440 
CTS/OGI22/tamil/TA-159.story.mfcc.sdc 1934 
CTS/OGI22/tamil/TA-160.address.mfcc.sdc 501 
CTS/OGI22/tamil/TA-160.room.mfcc.sdc 401 
CTS/OGI22/tamil/TA-160.story.mfcc.sdc 1496 
CTS/OGI22/tamil/TA-162.address.mfcc.sdc 494 
CTS/OGI22/tamil/TA-162.story.mfcc.sdc 798 
CTS/OGI22/tamil/TA-165.address.mfcc.sdc 665 
CTS/OGI22/tamil/TA-165.route.mfcc.sdc 427 
CTS/OGI22/tamil/TA-165.story.mfcc.sdc 2594 
CTS/OGI22/tamil/TA-168.address.mfcc.sdc 558 
CTS/OGI22/tamil/TA-168.story.mfcc.sdc 1279 
CTS/OGI22/tamil/TA-170.story.mfcc.sdc 829 
CTS/OGI22/tamil/TA-173.story.mfcc.sdc 1643 
CTS/OGI22/tamil/TA-175.climate.mfcc.sdc 511 
CTS/OGI22/tamil/TA-175.hometown.mfcc.sdc 408 
CTS/OGI22/tamil/TA-175.meal.mfcc.sdc 482 
CTS/OGI22/tamil/TA-175.room.mfcc.sdc 499 
CTS/OGI22/tamil/TA-175.route.mfcc.sdc 499 
CTS/OGI22/tamil/TA-175.story.mfcc.sdc 2577 
CTS/OGI22/tamil/TA-177.story.mfcc.sdc 2339 
CTS/OGI22/tamil/TA-178.climate.mfcc.sdc 492 
CTS/OGI22/tamil/TA-178.room.mfcc.sdc 449 
CTS/OGI22/tamil/TA-178.route.mfcc.sdc 493 
CTS/OGI22/tamil/TA-178.story.mfcc.sdc 2572 
CTS/OGI22/tamil/TA-181.address.mfcc.sdc 750 
CTS/OGI22/tamil/TA-181.meal.mfcc.sdc 406 
CTS/OGI22/tamil/TA-181.room.mfcc.sdc 406 
CTS/OGI22/tamil/TA-181.story.mfcc.sdc 1318 
CTS/OGI22/tamil/TA-182.story.mfcc.sdc 1980 
CTS/OGI22/tamil/TA-186.story.mfcc.sdc 2606 
CTS/OGI22/tamil/TA-188.address.mfcc.sdc 495 
CTS/OGI22/tamil/TA-188.route.mfcc.sdc 476 
CTS/OGI22/tamil/TA-188.story.mfcc.sdc 2448 
CTS/OGI22/tamil/TA-190.story.mfcc.sdc 1498 
CTS/OGI22/tamil/TA-192.address.mfcc.sdc 1731 
CTS/OGI22/tamil/TA-192.story.mfcc.sdc 2000 
CTS/OGI22/tamil/TA-194.address.mfcc.sdc 726 
CTS/OGI22/tamil/TA-194.climate.mfcc.sdc 496 
CTS/OGI22/tamil/TA-194.hometown.mfcc.sdc 478 
CTS/OGI22/tamil/TA-194.meal.mfcc.sdc 511 
CTS/OGI22/tamil/TA-194.room.mfcc.sdc 507 
CTS/OGI22/tamil/TA-194.route.mfcc.sdc 501 
CTS/OGI22/tamil/TA-194.story.mfcc.sdc 2637 
CTS/OGI22/tamil/TA-195.story.mfcc.sdc 2331 
CTS/OGI22/tamil/TA-196.address.mfcc.sdc 692 
CTS/OGI22/tamil/TA-196.story.mfcc.sdc 2005 
CTS/OGI22/tamil/TA-197.address.mfcc.sdc 416 
CTS/OGI22/tamil/TA-198.address.mfcc.sdc 839 
CTS/OGI22/tamil/TA-198.story.mfcc.sdc 2320 
CTS/OGI22/tamil/TA-202.address.mfcc.sdc 409 
CTS/OGI22/tamil/TA-202.room.mfcc.sdc 402 
CTS/OGI22/tamil/TA-202.route.mfcc.sdc 463 
CTS/OGI22/tamil/TA-202.story.mfcc.sdc 1814 
CTS/OGI22/tamil/TA-203.address.mfcc.sdc 404 
CTS/OGI22/tamil/TA-203.climate.mfcc.sdc 410 
CTS/OGI22/tamil/TA-203.room.mfcc.sdc 418 
CTS/OGI22/tamil/TA-203.story.mfcc.sdc 1699 
CTS/OGI22/tamil/TA-206.story.mfcc.sdc 2361 
CTS/OGI22/tamil/TA-21.address.mfcc.sdc 480 
CTS/OGI22/tamil/TA-21.story.mfcc.sdc 1187 
CTS/OGI22/tamil/TA-211.address.mfcc.sdc 404 
CTS/OGI22/tamil/TA-211.story.mfcc.sdc 1022 
CTS/OGI22/tamil/TA-222.climate.mfcc.sdc 483 
CTS/OGI22/tamil/TA-222.hometown.mfcc.sdc 413 
CTS/OGI22/tamil/TA-222.meal.mfcc.sdc 453 
CTS/OGI22/tamil/TA-222.room.mfcc.sdc 492 
CTS/OGI22/tamil/TA-222.route.mfcc.sdc 505 
CTS/OGI22/tamil/TA-222.story.mfcc.sdc 2078 
CTS/OGI22/tamil/TA-223.story.mfcc.sdc 822 
CTS/OGI22/tamil/TA-225.address.mfcc.sdc 449 
CTS/OGI22/tamil/TA-225.climate.mfcc.sdc 504 
CTS/OGI22/tamil/TA-225.hometown.mfcc.sdc 431 
CTS/OGI22/tamil/TA-225.meal.mfcc.sdc 501 
CTS/OGI22/tamil/TA-225.room.mfcc.sdc 530 
CTS/OGI22/tamil/TA-225.route.mfcc.sdc 479 
CTS/OGI22/tamil/TA-225.story.mfcc.sdc 2636 
CTS/OGI22/tamil/TA-226.address.mfcc.sdc 891 
CTS/OGI22/tamil/TA-226.story.mfcc.sdc 1520 
CTS/OGI22/tamil/TA-229.address.mfcc.sdc 1299 
CTS/OGI22/tamil/TA-229.story.mfcc.sdc 2000 
CTS/OGI22/tamil/TA-230.story.mfcc.sdc 969 
CTS/OGI22/tamil/TA-232.address.mfcc.sdc 614 
CTS/OGI22/tamil/TA-232.story.mfcc.sdc 437 
CTS/OGI22/tamil/TA-233.address.mfcc.sdc 1219 
CTS/OGI22/tamil/TA-233.climate.mfcc.sdc 443 
CTS/OGI22/tamil/TA-233.hometown.mfcc.sdc 468 
CTS/OGI22/tamil/TA-233.room.mfcc.sdc 511 
CTS/OGI22/tamil/TA-233.story.mfcc.sdc 2631 
CTS/OGI22/tamil/TA-235.address.mfcc.sdc 634 
CTS/OGI22/tamil/TA-235.room.mfcc.sdc 455 
CTS/OGI22/tamil/TA-235.story.mfcc.sdc 2089 
CTS/OGI22/tamil/TA-236.address.mfcc.sdc 423 
CTS/OGI22/tamil/TA-236.room.mfcc.sdc 410 
CTS/OGI22/tamil/TA-236.story.mfcc.sdc 2100 
CTS/OGI22/tamil/TA-237.hometown.mfcc.sdc 417 
CTS/OGI22/tamil/TA-237.story.mfcc.sdc 2601 
CTS/OGI22/tamil/TA-238.address.mfcc.sdc 1513 
CTS/OGI22/tamil/TA-238.climate.mfcc.sdc 515 
CTS/OGI22/tamil/TA-238.hometown.mfcc.sdc 508 
CTS/OGI22/tamil/TA-238.meal.mfcc.sdc 439 
CTS/OGI22/tamil/TA-238.route.mfcc.sdc 502 
CTS/OGI22/tamil/TA-238.story.mfcc.sdc 2577 
CTS/OGI22/tamil/TA-241.climate.mfcc.sdc 422 
CTS/OGI22/tamil/TA-241.story.mfcc.sdc 1954 
CTS/OGI22/tamil/TA-242.story.mfcc.sdc 2159 
CTS/OGI22/tamil/TA-246.room.mfcc.sdc 520 
CTS/OGI22/tamil/TA-246.route.mfcc.sdc 477 
CTS/OGI22/tamil/TA-246.story.mfcc.sdc 2622 
CTS/OGI22/tamil/TA-247.story.mfcc.sdc 1014 
CTS/OGI22/tamil/TA-26.address.mfcc.sdc 426 
CTS/OGI22/tamil/TA-26.story.mfcc.sdc 1967 
CTS/OGI22/tamil/TA-28.story.mfcc.sdc 1293 
CTS/OGI22/tamil/TA-30.address.mfcc.sdc 779 
CTS/OGI22/tamil/TA-30.story.mfcc.sdc 2620 
CTS/OGI22/tamil/TA-31.address.mfcc.sdc 771 
CTS/OGI22/tamil/TA-31.room.mfcc.sdc 478 
CTS/OGI22/tamil/TA-31.route.mfcc.sdc 450 
CTS/OGI22/tamil/TA-31.story.mfcc.sdc 2361 
CTS/OGI22/tamil/TA-32.story.mfcc.sdc 2464 
CTS/OGI22/tamil/TA-38.story.mfcc.sdc 2606 
CTS/OGI22/tamil/TA-43.address.mfcc.sdc 425 
CTS/OGI22/tamil/TA-43.meal.mfcc.sdc 495 
CTS/OGI22/tamil/TA-43.room.mfcc.sdc 416 
CTS/OGI22/tamil/TA-43.story.mfcc.sdc 2645 
CTS/OGI22/tamil/TA-44.story.mfcc.sdc 2368 
CTS/OGI22/tamil/TA-45.story.mfcc.sdc 2590 
CTS/OGI22/tamil/TA-46.story.mfcc.sdc 1813 
CTS/OGI22/tamil/TA-47.address.mfcc.sdc 1659 
CTS/OGI22/tamil/TA-47.room.mfcc.sdc 510 
CTS/OGI22/tamil/TA-47.route.mfcc.sdc 486 
CTS/OGI22/tamil/TA-47.story.mfcc.sdc 2369 
CTS/OGI22/tamil/TA-48.address.mfcc.sdc 555 
CTS/OGI22/tamil/TA-48.story.mfcc.sdc 2223 
CTS/OGI22/tamil/TA-49.address.mfcc.sdc 701 
CTS/OGI22/tamil/TA-49.story.mfcc.sdc 1848 
CTS/OGI22/tamil/TA-51.address.mfcc.sdc 694 
CTS/OGI22/tamil/TA-51.story.mfcc.sdc 1812 
CTS/OGI22/tamil/TA-54.address.mfcc.sdc 427 
CTS/OGI22/tamil/TA-54.climate.mfcc.sdc 429 
CTS/OGI22/tamil/TA-54.hometown.mfcc.sdc 432 
CTS/OGI22/tamil/TA-54.meal.mfcc.sdc 410 
CTS/OGI22/tamil/TA-54.room.mfcc.sdc 440 
CTS/OGI22/tamil/TA-54.story.mfcc.sdc 2199 
CTS/OGI22/tamil/TA-55.address.mfcc.sdc 441 
CTS/OGI22/tamil/TA-55.story.mfcc.sdc 2304 
CTS/OGI22/tamil/TA-58.address.mfcc.sdc 843 
CTS/OGI22/tamil/TA-58.story.mfcc.sdc 2568 
CTS/OGI22/tamil/TA-66.address.mfcc.sdc 496 
CTS/OGI22/tamil/TA-66.story.mfcc.sdc 2262 
CTS/OGI22/tamil/TA-67.story.mfcc.sdc 586 
CTS/OGI22/tamil/TA-68.story.mfcc.sdc 1359 
CTS/OGI22/tamil/TA-70.address.mfcc.sdc 743 
CTS/OGI22/tamil/TA-70.room.mfcc.sdc 443 
CTS/OGI22/tamil/TA-70.story.mfcc.sdc 2124 
CTS/OGI22/tamil/TA-71.address.mfcc.sdc 665 
CTS/OGI22/tamil/TA-71.room.mfcc.sdc 423 
CTS/OGI22/tamil/TA-71.story.mfcc.sdc 2035 
CTS/OGI22/tamil/TA-72.address.mfcc.sdc 723 
CTS/OGI22/tamil/TA-72.story.mfcc.sdc 1874 
CTS/OGI22/tamil/TA-73.story.mfcc.sdc 1848 
CTS/OGI22/tamil/TA-78.address.mfcc.sdc 457 
CTS/OGI22/tamil/TA-78.story.mfcc.sdc 1970 
CTS/OGI22/tamil/TA-80.story.mfcc.sdc 1095 
CTS/OGI22/tamil/TA-81.story.mfcc.sdc 1808 
CTS/OGI22/tamil/TA-83.story.mfcc.sdc 2235 
CTS/OGI22/tamil/TA-85.address.mfcc.sdc 764 
CTS/OGI22/tamil/TA-85.room.mfcc.sdc 436 
CTS/OGI22/tamil/TA-85.story.mfcc.sdc 2127 
CTS/OGI22/tamil/TA-87.address.mfcc.sdc 1206 
CTS/OGI22/tamil/TA-87.route.mfcc.sdc 509 
CTS/OGI22/tamil/TA-87.story.mfcc.sdc 2433 
CTS/OGI22/tamil/TA-88.room.mfcc.sdc 485 
CTS/OGI22/tamil/TA-88.story.mfcc.sdc 1987 
CTS/OGI22/tamil/TA-9.address.mfcc.sdc 595 
CTS/OGI22/tamil/TA-9.story.mfcc.sdc 1348 
CTS/OGI22/tamil/TA-92.address.mfcc.sdc 613 
CTS/OGI22/tamil/TA-92.story.mfcc.sdc 2091 
CTS/OGI22/tamil/TA-94.address.mfcc.sdc 451 
CTS/OGI22/tamil/TA-94.story.mfcc.sdc 2316 
CTS/OGI22/tamil/TA-95.address.mfcc.sdc 456 
CTS/OGI22/tamil/TA-95.route.mfcc.sdc 495 
CTS/OGI22/tamil/TA-95.story.mfcc.sdc 2631 
CTS/OGI22/tamil/TA-96.address.mfcc.sdc 554 
CTS/OGI22/tamil/TA-96.story.mfcc.sdc 2140 
CTS/OGI22/tamil/TA-97.address.mfcc.sdc 1265 
CTS/OGI22/tamil/TA-97.room.mfcc.sdc 500 
CTS/OGI22/tamil/TA-97.story.mfcc.sdc 2630 
CTS/OGI22/tamil/TA-98.address.mfcc.sdc 457 
CTS/OGI22/tamil/TA-98.story.mfcc.sdc 1986 
CTS/OHSU/TA/TA-000507-A-con.mfcc.sdc 15495 
CTS/OHSU/TA/TA-000507-B-con.mfcc.sdc 18580 
CTS/OHSU/TA/TA-002806-A-con.mfcc.sdc 25324 
CTS/OHSU/TA/TA-002806-B-con.mfcc.sdc 20147 
CTS/OHSU/TA/TA-002831-A-con.mfcc.sdc 19294 
CTS/OHSU/TA/TA-002831-B-con.mfcc.sdc 16487 
CTS/OHSU/TA/TA-002844-A-con.mfcc.sdc 12167 
CTS/OHSU/TA/TA-002844-B-con.mfcc.sdc 17014 
CTS/OHSU/TA/TA-002878-A-con.mfcc.sdc 10379 
CTS/OHSU/TA/TA-002878-B-con.mfcc.sdc 22119 
CTS/OHSU/TA/TA-002889-A-con.mfcc.sdc 19488 
CTS/OHSU/TA/TA-002889-B-con.mfcc.sdc 17543 
CTS/OHSU/TA/TA-002970-A-con.mfcc.sdc 18299 
CTS/OHSU/TA/TA-002970-B-con.mfcc.sdc 11653 
CTS/OHSU/TA/TA-003073-A-con.mfcc.sdc 15338 
CTS/OHSU/TA/TA-003073-B-con.mfcc.sdc 25028 
CTS/OHSU/TA/TA-003286-A-con.mfcc.sdc 22192 
CTS/OHSU/TA/TA-003286-B-con.mfcc.sdc 16989 
CTS/OHSU/TA/TA-004039-A-con.mfcc.sdc 20858 
CTS/OHSU/TA/TA-004039-B-con.mfcc.sdc 18822 
CTS/OHSU/TA/TA-004043-A-con.mfcc.sdc 12197 
CTS/OHSU/TA/TA-004043-B-con.mfcc.sdc 21162 
CTS/OHSU/TA/TA-004047-A-con.mfcc.sdc 20054 
CTS/OHSU/TA/TA-004047-B-con.mfcc.sdc 13878 
CTS/OHSU/TA/TA-004074-A-con.mfcc.sdc 22400 
CTS/OHSU/TA/TA-004074-B-con.mfcc.sdc 21311 
CTS/OHSU/TA/TA-004092-A-con.mfcc.sdc 18729 
CTS/OHSU/TA/TA-004092-B-con.mfcc.sdc 22702 
CTS/OHSU/TA/TA-004107-A-con.mfcc.sdc 24380 
CTS/OHSU/TA/TA-004107-B-con.mfcc.sdc 20043 
CTS/OHSU/TA/TA-004110-A-con.mfcc.sdc 17720 
CTS/OHSU/TA/TA-004110-B-con.mfcc.sdc 20802 
CTS/OHSU/TA/TA-004136-A-con.mfcc.sdc 20906 
CTS/OHSU/TA/TA-004136-B-con.mfcc.sdc 20979 
CTS/OHSU/TA/TA-004155-A-con.mfcc.sdc 22639 
CTS/OHSU/TA/TA-004155-B-con.mfcc.sdc 17330 
CTS/OHSU/TA/TA-004164-A-con.mfcc.sdc 9756 
CTS/OHSU/TA/TA-004164-B-con.mfcc.sdc 24214 
CTS/OHSU/TA/TA-004169-A-con.mfcc.sdc 12607 
CTS/OHSU/TA/TA-004169-B-con.mfcc.sdc 24431 
CTS/OHSU/TA/TA-004179-A-con.mfcc.sdc 12704 
CTS/OHSU/TA/TA-004179-B-con.mfcc.sdc 25427 
CTS/OHSU/TA/TA-004181-A-con.mfcc.sdc 12525 
CTS/OHSU/TA/TA-004181-B-con.mfcc.sdc 24196 
CTS/OHSU/TA/TA-004183-A-con.mfcc.sdc 28555 
CTS/OHSU/TA/TA-004183-B-con.mfcc.sdc 26361 
CTS/OHSU/TA/TA-004186-A-con.mfcc.sdc 30910 
CTS/OHSU/TA/TA-004186-B-con.mfcc.sdc 8068 
CTS/OHSU/TA/TA-004193-A-con.mfcc.sdc 26613 
CTS/OHSU/TA/TA-004193-B-con.mfcc.sdc 21044 
CTS/OHSU/TA/TA-004196-A-con.mfcc.sdc 30118 
CTS/OHSU/TA/TA-004196-B-con.mfcc.sdc 12355 
CTS/OHSU/TA/TA-004206-A-con.mfcc.sdc 25584 
CTS/OHSU/TA/TA-004206-B-con.mfcc.sdc 12880 
CTS/OHSU/TA/TA-004221-A-con.mfcc.sdc 14377 
CTS/OHSU/TA/TA-004221-B-con.mfcc.sdc 17409 
CTS/OHSU/TA/TA-004229-A-con.mfcc.sdc 13623 
CTS/OHSU/TA/TA-004229-B-con.mfcc.sdc 25251 
CTS/OHSU/TA/TA-004230-A-con.mfcc.sdc 14742 
CTS/OHSU/TA/TA-004230-B-con.mfcc.sdc 22796 
CTS/OHSU/TA/TA-004243-A-con.mfcc.sdc 23928 
CTS/OHSU/TA/TA-004243-B-con.mfcc.sdc 24069 
CTS/OHSU/TA/TA-004249-A-con.mfcc.sdc 12918 
CTS/OHSU/TA/TA-004249-B-con.mfcc.sdc 24160 
CTS/OHSU/TA/TA-004267-A-con.mfcc.sdc 9537 
CTS/OHSU/TA/TA-004267-B-con.mfcc.sdc 25494 
CTS/OHSU/TA/TA-004355-A-con.mfcc.sdc 20192 
CTS/OHSU/TA/TA-004355-B-con.mfcc.sdc 18787 
CTS/OHSU/TA/TA-004370-A-con.mfcc.sdc 15705 
CTS/OHSU/TA/TA-004370-B-con.mfcc.sdc 24264 
CTS/OHSU/TA/TA-004373-A-con.mfcc.sdc 26607 
CTS/OHSU/TA/TA-004373-B-con.mfcc.sdc 17889 
CTS/OHSU/TA/TA-004905-A-con.mfcc.sdc 20486 
CTS/OHSU/TA/TA-004905-B-con.mfcc.sdc 18551 
CTS/OHSU/TA/TA-005538-A-con.mfcc.sdc 26398 
CTS/OHSU/TA/TA-005538-B-con.mfcc.sdc 21368 
CTS/OHSU/TA/TA-005585-A-con.mfcc.sdc 14073 
CTS/OHSU/TA/TA-005585-B-con.mfcc.sdc 24142 
CTS/OHSU/TA/TA-006262-A-con.mfcc.sdc 28771 
CTS/OHSU/TA/TA-006262-B-con.mfcc.sdc 21098 
CTS/OHSU/TA/TA-006293-A-con.mfcc.sdc 20906 
CTS/OHSU/TA/TA-006293-B-con.mfcc.sdc 19407 
CTS/OHSU/TA/TA-006323-A-con.mfcc.sdc 19643 
CTS/OHSU/TA/TA-006323-B-con.mfcc.sdc 20400 
CTS/OHSU/TA/TA-006341-A-con.mfcc.sdc 27753 
CTS/OHSU/TA/TA-006341-B-con.mfcc.sdc 13591 
CTS/OHSU/TA/TA-006357-A-con.mfcc.sdc 19301 
CTS/OHSU/TA/TA-006357-B-con.mfcc.sdc 21334 
CTS/OHSU/TA/TA-006360-A-con.mfcc.sdc 14656 
CTS/OHSU/TA/TA-006360-B-con.mfcc.sdc 28186 
CTS/OHSU/TA/TA-006437-A-con.mfcc.sdc 16636 
CTS/OHSU/TA/TA-006437-B-con.mfcc.sdc 21691 
